This file contains any messages produced by compilers while
running configure, to aid debugging if configure makes a mistake.

It was created by PCRE2 configure 10.37, which was
generated by GNU Autoconf 2.71.  Invocation command line was

  $ pcre2-sys/pcre2/configure

## --------- ##
## Platform. ##
## --------- ##

hostname = B.local
uname -m = arm64
uname -r = 21.0.0
uname -s = Darwin
uname -v = Darwin Kernel Version 21.0.0: Thu May 27 21:02:34 PDT 2021; root:xnu-7938.0.0.111.2~2/RELEASE_ARM64_T8101

/usr/bin/uname -p = arm
/bin/uname -X     = unknown

/bin/arch              = unknown
/usr/bin/arch -k       = unknown
/usr/convex/getsysinfo = unknown
/usr/bin/hostinfo      = Mach kernel version:
	 Darwin Kernel Version 21.0.0: Thu May 27 21:02:34 PDT 2021; root:xnu-7938.0.0.111.2~2/RELEASE_ARM64_T8101
Kernel configured for up to 8 processors.
8 processors are physically available.
8 processors are logically available.
Processor type: arm64e (ARM64E)
Processors active: 0 1 2 3 4 5 6 7
Primary memory available: 8.00 gigabytes
Default processor set: 736 tasks, 2615 threads, 8 processors
Load average: 6.38, Mach factor: 1.90
/bin/machine           = unknown
/usr/bin/oslevel       = unknown
/bin/universe          = unknown

PATH: /Users/x/.bond/shared/root/.bin/
PATH: /Users/x/.bond/local/bin/
PATH: /opt/homebrew/opt/python@3.8/bin/
PATH: /opt/homebrew/bin/
PATH: /opt/homebrew/sbin/
PATH: /usr/local/bin/
PATH: /usr/bin/
PATH: /bin/
PATH: /usr/sbin/
PATH: /sbin/
PATH: /Applications/Little Snitch.app/Contents/Components/
PATH: /Library/Apple/usr/bin/
PATH: /Users/x/.bond/shared/root/.bin/
PATH: /Users/x/.bond/local/bin/
PATH: /opt/homebrew/opt/python@3.8/bin/
PATH: /opt/homebrew/bin/
PATH: /opt/homebrew/sbin/
PATH: /Users/x/.cargo/bin/


## ----------- ##
## Core tests. ##
## ----------- ##

configure:2662: looking for aux files: config.guess config.sub ltmain.sh ar-lib compile missing install-sh
configure:2675:  trying pcre2-sys/pcre2/
configure:2704:   pcre2-sys/pcre2/config.guess found
configure:2704:   pcre2-sys/pcre2/config.sub found
configure:2704:   pcre2-sys/pcre2/ltmain.sh found
configure:2704:   pcre2-sys/pcre2/ar-lib found
configure:2704:   pcre2-sys/pcre2/compile found
configure:2704:   pcre2-sys/pcre2/missing found
configure:2686:   pcre2-sys/pcre2/install-sh found
configure:2834: checking for a BSD-compatible install
configure:2907: result: /usr/bin/install -c
configure:2918: checking whether build environment is sane
configure:2973: result: yes
configure:3132: checking for a race-free mkdir -p
configure:3176: result: pcre2-sys/pcre2/install-sh -c -d
configure:3183: checking for gawk
configure:3218: result: no
configure:3183: checking for mawk
configure:3218: result: no
configure:3183: checking for nawk
configure:3218: result: no
configure:3183: checking for awk
configure:3204: found /usr/bin/awk
configure:3215: result: awk
configure:3226: checking whether make sets $(MAKE)
configure:3249: result: yes
configure:3279: checking whether make supports nested variables
configure:3297: result: yes
configure:3431: checking whether make supports nested variables
configure:3449: result: yes
configure:3538: checking for gcc
configure:3559: found /usr/bin/gcc
configure:3570: result: gcc
configure:3923: checking for C compiler version
configure:3932: gcc --version >&5
Apple clang version 13.0.0 (clang-1300.0.18.6)
Target: arm64-apple-darwin21.0.0
Thread model: posix
InstalledDir: /Applications/Xcode-beta.app/Contents/Developer/Toolchains/XcodeDefault.xctoolchain/usr/bin
Configured with: --prefix=/Applications/Xcode-beta.app/Contents/Developer/usr --with-gxx-include-dir=/Applications/Xcode-beta.app/Contents/Developer/Platforms/MacOSX.platform/Developer/SDKs/MacOSX.sdk/usr/include/c++/4.2.1
configure:3943: $? = 0
configure:3932: gcc -v >&5
Configured with: --prefix=/Applications/Xcode-beta.app/Contents/Developer/usr --with-gxx-include-dir=/Applications/Xcode-beta.app/Contents/Developer/Platforms/MacOSX.platform/Developer/SDKs/MacOSX.sdk/usr/include/c++/4.2.1
Apple clang version 13.0.0 (clang-1300.0.18.6)
Target: arm64-apple-darwin21.0.0
Thread model: posix
InstalledDir: /Applications/Xcode-beta.app/Contents/Developer/Toolchains/XcodeDefault.xctoolchain/usr/bin
configure:3943: $? = 0
configure:3932: gcc -V >&5
clang: error: argument to '-V' is missing (expected 1 value)
clang: error: no input files
configure:3943: $? = 1
configure:3932: gcc -qversion >&5
clang: error: unknown argument '-qversion'; did you mean '--version'?
clang: error: no input files
configure:3943: $? = 1
configure:3932: gcc -version >&5
clang: error: unknown argument '-version'; did you mean '--version'?
clang: error: no input files
configure:3943: $? = 1
configure:3963: checking whether the C compiler works
configure:3985: gcc  -I//opt/homebrew/opt/openssl@1.1/include -L//opt/homebrew/opt/openssl@1.1/lib conftest.c  >&5
configure:3989: $? = 0
configure:4039: result: yes
configure:4042: checking for C compiler default output file name
configure:4044: result: a.out
configure:4050: checking for suffix of executables
configure:4057: gcc -o conftest  -I//opt/homebrew/opt/openssl@1.1/include -L//opt/homebrew/opt/openssl@1.1/lib conftest.c  >&5
configure:4061: $? = 0
configure:4084: result: 
configure:4106: checking whether we are cross compiling
configure:4114: gcc -o conftest  -I//opt/homebrew/opt/openssl@1.1/include -L//opt/homebrew/opt/openssl@1.1/lib conftest.c  >&5
configure:4118: $? = 0
configure:4125: ./conftest
configure:4129: $? = 0
configure:4144: result: no
configure:4149: checking for suffix of object files
configure:4172: gcc -c  -I//opt/homebrew/opt/openssl@1.1/include conftest.c >&5
configure:4176: $? = 0
configure:4198: result: o
configure:4202: checking whether the compiler supports GNU C
configure:4222: gcc -c  -I//opt/homebrew/opt/openssl@1.1/include conftest.c >&5
configure:4222: $? = 0
configure:4232: result: yes
configure:4243: checking whether gcc accepts -g
configure:4264: gcc -c -g -I//opt/homebrew/opt/openssl@1.1/include conftest.c >&5
configure:4264: $? = 0
configure:4308: result: yes
configure:4328: checking for gcc option to enable C11 features
configure:4343: gcc  -c -g -O2 -I//opt/homebrew/opt/openssl@1.1/include conftest.c >&5
configure:4343: $? = 0
configure:4361: result: none needed
configure:4477: checking whether gcc understands -c and -o together
configure:4500: gcc -c conftest.c -o conftest2.o
configure:4503: $? = 0
configure:4500: gcc -c conftest.c -o conftest2.o
configure:4503: $? = 0
configure:4515: result: yes
configure:4535: checking whether make supports the include directive
configure:4550: make -f confmf.GNU && cat confinc.out
this is the am__doit target
configure:4553: $? = 0
configure:4572: result: yes (GNU style)
configure:4598: checking dependency style of gcc
configure:4710: result: gcc3
configure:4731: checking for stdio.h
configure:4731: gcc -c -g -O2 -I//opt/homebrew/opt/openssl@1.1/include conftest.c >&5
configure:4731: $? = 0
configure:4731: result: yes
configure:4731: checking for stdlib.h
configure:4731: gcc -c -g -O2 -I//opt/homebrew/opt/openssl@1.1/include conftest.c >&5
configure:4731: $? = 0
configure:4731: result: yes
configure:4731: checking for string.h
configure:4731: gcc -c -g -O2 -I//opt/homebrew/opt/openssl@1.1/include conftest.c >&5
configure:4731: $? = 0
configure:4731: result: yes
configure:4731: checking for inttypes.h
configure:4731: gcc -c -g -O2 -I//opt/homebrew/opt/openssl@1.1/include conftest.c >&5
configure:4731: $? = 0
configure:4731: result: yes
configure:4731: checking for stdint.h
configure:4731: gcc -c -g -O2 -I//opt/homebrew/opt/openssl@1.1/include conftest.c >&5
configure:4731: $? = 0
configure:4731: result: yes
configure:4731: checking for strings.h
configure:4731: gcc -c -g -O2 -I//opt/homebrew/opt/openssl@1.1/include conftest.c >&5
configure:4731: $? = 0
configure:4731: result: yes
configure:4731: checking for sys/stat.h
configure:4731: gcc -c -g -O2 -I//opt/homebrew/opt/openssl@1.1/include conftest.c >&5
configure:4731: $? = 0
configure:4731: result: yes
configure:4731: checking for sys/types.h
configure:4731: gcc -c -g -O2 -I//opt/homebrew/opt/openssl@1.1/include conftest.c >&5
configure:4731: $? = 0
configure:4731: result: yes
configure:4731: checking for unistd.h
configure:4731: gcc -c -g -O2 -I//opt/homebrew/opt/openssl@1.1/include conftest.c >&5
configure:4731: $? = 0
configure:4731: result: yes
configure:4731: checking for wchar.h
configure:4731: gcc -c -g -O2 -I//opt/homebrew/opt/openssl@1.1/include conftest.c >&5
configure:4731: $? = 0
configure:4731: result: yes
configure:4731: checking for minix/config.h
configure:4731: gcc -c -g -O2 -I//opt/homebrew/opt/openssl@1.1/include conftest.c >&5
conftest.c:49:10: fatal error: 'minix/config.h' file not found
#include <minix/config.h>
         ^~~~~~~~~~~~~~~~
1 error generated.
configure:4731: $? = 1
configure: failed program was:
| /* confdefs.h */
| #define PACKAGE_NAME "PCRE2"
| #define PACKAGE_TARNAME "pcre2"
| #define PACKAGE_VERSION "10.37"
| #define PACKAGE_STRING "PCRE2 10.37"
| #define PACKAGE_BUGREPORT ""
| #define PACKAGE_URL ""
| #define PACKAGE "pcre2"
| #define VERSION "10.37"
| #define HAVE_STDIO_H 1
| #define HAVE_STDLIB_H 1
| #define HAVE_STRING_H 1
| #define HAVE_INTTYPES_H 1
| #define HAVE_STDINT_H 1
| #define HAVE_STRINGS_H 1
| #define HAVE_SYS_STAT_H 1
| #define HAVE_SYS_TYPES_H 1
| #define HAVE_UNISTD_H 1
| #define HAVE_WCHAR_H 1
| /* end confdefs.h.  */
| #include <stddef.h>
| #ifdef HAVE_STDIO_H
| # include <stdio.h>
| #endif
| #ifdef HAVE_STDLIB_H
| # include <stdlib.h>
| #endif
| #ifdef HAVE_STRING_H
| # include <string.h>
| #endif
| #ifdef HAVE_INTTYPES_H
| # include <inttypes.h>
| #endif
| #ifdef HAVE_STDINT_H
| # include <stdint.h>
| #endif
| #ifdef HAVE_STRINGS_H
| # include <strings.h>
| #endif
| #ifdef HAVE_SYS_TYPES_H
| # include <sys/types.h>
| #endif
| #ifdef HAVE_SYS_STAT_H
| # include <sys/stat.h>
| #endif
| #ifdef HAVE_UNISTD_H
| # include <unistd.h>
| #endif
| #include <minix/config.h>
configure:4731: result: no
configure:4762: checking whether it is safe to define __EXTENSIONS__
configure:4781: gcc -c -g -O2 -I//opt/homebrew/opt/openssl@1.1/include conftest.c >&5
configure:4781: $? = 0
configure:4789: result: yes
configure:4792: checking whether _XOPEN_SOURCE should be defined
configure:4814: gcc -c -g -O2 -I//opt/homebrew/opt/openssl@1.1/include conftest.c >&5
configure:4814: $? = 0
configure:4841: result: no
configure:4965: checking for ar
configure:4986: found /usr/bin/ar
configure:4997: result: ar
configure:5023: checking the archiver (ar) interface
configure:5040: gcc -c -O2 -I//opt/homebrew/opt/openssl@1.1/include conftest.c >&5
configure:5040: $? = 0
configure:5043: ar cru libconftest.a conftest.o >&5
configure:5046: $? = 0
configure:5074: result: ar
configure:5096: checking for int64_t
configure:5096: gcc -c -O2 -I//opt/homebrew/opt/openssl@1.1/include conftest.c >&5

## ---------------- ##
## Cache variables. ##
## ---------------- ##

ac_cv_c_compiler_gnu=yes
ac_cv_c_int64_t=no
ac_cv_env_CC_set=
ac_cv_env_CC_value=
ac_cv_env_CFLAGS_set=
ac_cv_env_CFLAGS_value=
ac_cv_env_CPPFLAGS_set=set
ac_cv_env_CPPFLAGS_value=-I//opt/homebrew/opt/openssl@1.1/include
ac_cv_env_GENHTML_set=
ac_cv_env_GENHTML_value=
ac_cv_env_LCOV_set=
ac_cv_env_LCOV_value=
ac_cv_env_LDFLAGS_set=set
ac_cv_env_LDFLAGS_value=-L//opt/homebrew/opt/openssl@1.1/lib
ac_cv_env_LIBS_set=
ac_cv_env_LIBS_value=
ac_cv_env_LT_SYS_LIBRARY_PATH_set=
ac_cv_env_LT_SYS_LIBRARY_PATH_value=
ac_cv_env_PKG_CONFIG_LIBDIR_set=
ac_cv_env_PKG_CONFIG_LIBDIR_value=
ac_cv_env_PKG_CONFIG_PATH_set=
ac_cv_env_PKG_CONFIG_PATH_value=
ac_cv_env_PKG_CONFIG_set=
ac_cv_env_PKG_CONFIG_value=
ac_cv_env_VALGRIND_CFLAGS_set=
ac_cv_env_VALGRIND_CFLAGS_value=
ac_cv_env_VALGRIND_LIBS_set=
ac_cv_env_VALGRIND_LIBS_value=
ac_cv_env_build_alias_set=
ac_cv_env_build_alias_value=
ac_cv_env_host_alias_set=
ac_cv_env_host_alias_value=
ac_cv_env_target_alias_set=
ac_cv_env_target_alias_value=
ac_cv_header_inttypes_h=yes
ac_cv_header_minix_config_h=no
ac_cv_header_stdint_h=yes
ac_cv_header_stdio_h=yes
ac_cv_header_stdlib_h=yes
ac_cv_header_string_h=yes
ac_cv_header_strings_h=yes
ac_cv_header_sys_stat_h=yes
ac_cv_header_sys_types_h=yes
ac_cv_header_unistd_h=yes
ac_cv_header_wchar_h=yes
ac_cv_objext=o
ac_cv_path_install='/usr/bin/install -c'
ac_cv_prog_AWK=awk
ac_cv_prog_ac_ct_AR=ar
ac_cv_prog_ac_ct_CC=gcc
ac_cv_prog_cc_c11=
ac_cv_prog_cc_g=yes
ac_cv_prog_cc_stdc=
ac_cv_prog_make_make_set=yes
ac_cv_safe_to_define___extensions__=yes
ac_cv_should_define__xopen_source=no
am_cv_CC_dependencies_compiler_type=gcc3
am_cv_ar_interface=ar
am_cv_make_support_nested_variables=yes
am_cv_prog_cc_c_o=yes

## ----------------- ##
## Output variables. ##
## ----------------- ##

ACLOCAL='${SHELL} '\''/Users/x/Clones/rust-pcre2/pcre2-sys/pcre2/missing'\'' aclocal-1.16'
AMDEPBACKSLASH='\'
AMDEP_FALSE='#'
AMDEP_TRUE=''
AMTAR='$${TAR-tar}'
AM_BACKSLASH='\'
AM_DEFAULT_V='$(AM_DEFAULT_VERBOSITY)'
AM_DEFAULT_VERBOSITY='0'
AM_V='$(V)'
AR='ar'
AS=''
AUTOCONF='${SHELL} '\''/Users/x/Clones/rust-pcre2/pcre2-sys/pcre2/missing'\'' autoconf'
AUTOHEADER='${SHELL} '\''/Users/x/Clones/rust-pcre2/pcre2-sys/pcre2/missing'\'' autoheader'
AUTOMAKE='${SHELL} '\''/Users/x/Clones/rust-pcre2/pcre2-sys/pcre2/missing'\'' automake-1.16'
AWK='awk'
CC='gcc'
CCDEPMODE='depmode=gcc3'
CET_CFLAGS=''
CFLAGS='-O2'
CPPFLAGS='-I//opt/homebrew/opt/openssl@1.1/include'
CYGPATH_W='echo'
DEFS=''
DEPDIR='.deps'
DISTCHECK_CONFIGURE_FLAGS=''
DLLTOOL=''
DSYMUTIL=''
DUMPBIN=''
ECHO_C='\c'
ECHO_N=''
ECHO_T=''
EGREP=''
EXEEXT=''
EXTRA_LIBPCRE2_16_LDFLAGS=''
EXTRA_LIBPCRE2_32_LDFLAGS=''
EXTRA_LIBPCRE2_8_LDFLAGS=''
EXTRA_LIBPCRE2_POSIX_LDFLAGS=''
FGREP=''
GCOV_CFLAGS=''
GCOV_CXXFLAGS=''
GCOV_LIBS=''
GENHTML=''
GREP=''
HAVE_VISIBILITY=''
INSTALL_DATA='${INSTALL} -m 644'
INSTALL_PROGRAM='${INSTALL}'
INSTALL_SCRIPT='${INSTALL}'
INSTALL_STRIP_PROGRAM='$(install_sh) -c -s'
LCOV=''
LD=''
LDFLAGS='-L//opt/homebrew/opt/openssl@1.1/lib'
LIBBZ2=''
LIBOBJS=''
LIBREADLINE=''
LIBS=''
LIBTOOL=''
LIBZ=''
LIB_POSTFIX=''
LIPO=''
LN_S=''
LTLIBOBJS=''
LT_SYS_LIBRARY_PATH=''
MAKEINFO='${SHELL} '\''/Users/x/Clones/rust-pcre2/pcre2-sys/pcre2/missing'\'' makeinfo'
MANIFEST_TOOL=''
MKDIR_P='pcre2-sys/pcre2/install-sh -c -d'
NM=''
NMEDIT=''
OBJDUMP=''
OBJEXT='o'
OTOOL64=''
OTOOL=''
PACKAGE='pcre2'
PACKAGE_BUGREPORT=''
PACKAGE_NAME='PCRE2'
PACKAGE_STRING='PCRE2 10.37'
PACKAGE_TARNAME='pcre2'
PACKAGE_URL=''
PACKAGE_VERSION='10.37'
PATH_SEPARATOR=':'
PCRE2_DATE=''
PCRE2_MAJOR=''
PCRE2_MINOR=''
PCRE2_PRERELEASE=''
PCRE2_STATIC_CFLAG=''
PKG_CONFIG=''
PKG_CONFIG_LIBDIR=''
PKG_CONFIG_PATH=''
PTHREAD_CC=''
PTHREAD_CFLAGS=''
PTHREAD_LIBS=''
RANLIB=''
SED=''
SET_MAKE=''
SHELL='/bin/sh'
SHTOOL=''
STRIP=''
VALGRIND_CFLAGS=''
VALGRIND_LIBS=''
VERSION='10.37'
VISIBILITY_CFLAGS=''
VISIBILITY_CXXFLAGS=''
WITH_DEBUG_FALSE=''
WITH_DEBUG_TRUE=''
WITH_FUZZ_SUPPORT_FALSE=''
WITH_FUZZ_SUPPORT_TRUE=''
WITH_GCOV_FALSE=''
WITH_GCOV_TRUE=''
WITH_JIT_FALSE=''
WITH_JIT_TRUE=''
WITH_PCRE2_16_FALSE=''
WITH_PCRE2_16_TRUE=''
WITH_PCRE2_32_FALSE=''
WITH_PCRE2_32_TRUE=''
WITH_PCRE2_8_FALSE=''
WITH_PCRE2_8_TRUE=''
WITH_REBUILD_CHARTABLES_FALSE=''
WITH_REBUILD_CHARTABLES_TRUE=''
WITH_UNICODE_FALSE=''
WITH_UNICODE_TRUE=''
WITH_VALGRIND_FALSE=''
WITH_VALGRIND_TRUE=''
ac_ct_AR='ar'
ac_ct_CC='gcc'
ac_ct_DUMPBIN=''
am__EXEEXT_FALSE=''
am__EXEEXT_TRUE=''
am__fastdepCC_FALSE='#'
am__fastdepCC_TRUE=''
am__include='include'
am__isrc=' -I$(srcdir)'
am__leading_dot='.'
am__nodep='_no'
am__quote=''
am__tar='$${TAR-tar} chof - "$$tardir"'
am__untar='$${TAR-tar} xf -'
ax_pthread_config=''
bindir='${exec_prefix}/bin'
build=''
build_alias=''
build_cpu=''
build_os=''
build_vendor=''
datadir='${datarootdir}'
datarootdir='${prefix}/share'
docdir='${datarootdir}/doc/${PACKAGE_TARNAME}'
dvidir='${docdir}'
enable_pcre2_16=''
enable_pcre2_32=''
enable_pcre2_8=''
exec_prefix='NONE'
host=''
host_alias=''
host_cpu=''
host_os=''
host_vendor=''
htmldir='${docdir}'
includedir='${prefix}/include'
infodir='${datarootdir}/info'
install_sh='${SHELL} /Users/x/Clones/rust-pcre2/pcre2-sys/pcre2/install-sh'
libdir='${exec_prefix}/lib'
libexecdir='${exec_prefix}/libexec'
localedir='${datarootdir}/locale'
localstatedir='${prefix}/var'
mandir='${datarootdir}/man'
mkdir_p='$(MKDIR_P)'
oldincludedir='/usr/include'
pdfdir='${docdir}'
prefix='NONE'
program_transform_name='s,x,x,'
psdir='${docdir}'
runstatedir='${localstatedir}/run'
sbindir='${exec_prefix}/sbin'
sharedstatedir='${prefix}/com'
sysconfdir='${prefix}/etc'
target_alias=''

## ----------- ##
## confdefs.h. ##
## ----------- ##

/* confdefs.h */
#define PACKAGE_NAME "PCRE2"
#define PACKAGE_TARNAME "pcre2"
#define PACKAGE_VERSION "10.37"
#define PACKAGE_STRING "PCRE2 10.37"
#define PACKAGE_BUGREPORT ""
#define PACKAGE_URL ""
#define PACKAGE "pcre2"
#define VERSION "10.37"
#define HAVE_STDIO_H 1
#define HAVE_STDLIB_H 1
#define HAVE_STRING_H 1
#define HAVE_INTTYPES_H 1
#define HAVE_STDINT_H 1
#define HAVE_STRINGS_H 1
#define HAVE_SYS_STAT_H 1
#define HAVE_SYS_TYPES_H 1
#define HAVE_UNISTD_H 1
#define HAVE_WCHAR_H 1
#define STDC_HEADERS 1
#define _ALL_SOURCE 1
#define _DARWIN_C_SOURCE 1
#define _GNU_SOURCE 1
#define _HPUX_ALT_XOPEN_SOCKET_API 1
#define _NETBSD_SOURCE 1
#define _OPENBSD_SOURCE 1
#define _POSIX_PTHREAD_SEMANTICS 1
#define __STDC_WANT_IEC_60559_ATTRIBS_EXT__ 1
#define __STDC_WANT_IEC_60559_BFP_EXT__ 1
#define __STDC_WANT_IEC_60559_DFP_EXT__ 1
#define __STDC_WANT_IEC_60559_FUNCS_EXT__ 1
#define __STDC_WANT_IEC_60559_TYPES_EXT__ 1
#define __STDC_WANT_LIB_EXT2__ 1
#define __STDC_WANT_MATH_SPEC_FUNCS__ 1
#define _TANDEM_SOURCE 1
#define __EXTENSIONS__ 1

configure: caught signal 2
configure: exit 1
